=== Hoogland Variant: ctx=512, d=512 (wider + shorter) ===
2L attn-only, d=512, 16 heads (d_head=32), softmax, no QK norm
Data: DSIR-filtered Pile (streaming), GPT-2 tokenizer, vocab=5000
Batch: 96, n_ctx: 512, tokens/step: 49,152
Max steps: 101,725 (5.0B tokens)
Pile val cache exists at /workspace/tensor-mars/workspaces/logan/cached_tokens/dsir_pile_val_ctx512.pt
Model parameters: 7,222,272 (compiled)
Induction test: 100 seqs, half_len=256, vocab=5000
Warning: You are sending unauthenticated requests to the HF Hub. Please set a HF_TOKEN to enable higher rate limits and faster downloads.
Token indices sequence length is longer than the specified maximum sequence length for this model (1287 > 1024). Running this sequence through the model will result in indexing errors
  step 100/101725  loss=8.0199  tokens=0.005B  elapsed=26s
  step 200/101725  loss=6.7684  tokens=0.010B  elapsed=36s
  step 300/101725  loss=6.4333  tokens=0.015B  elapsed=46s
  step 400/101725  loss=6.2541  tokens=0.020B  elapsed=59s
  step 500/101725  loss=6.1854  tokens=0.025B  elapsed=71s
  step 600/101725  loss=5.9923  tokens=0.029B  elapsed=82s
  step 700/101725  loss=5.9987  tokens=0.034B  elapsed=92s
  step 800/101725  loss=6.1151  tokens=0.039B  elapsed=103s
  step 900/101725  loss=5.8974  tokens=0.044B  elapsed=113s
  step 1000/101725  loss=5.9818  tokens=0.049B  elapsed=125s
  step 1100/101725  loss=5.8970  tokens=0.054B  elapsed=137s
  step 1200/101725  loss=5.7657  tokens=0.059B  elapsed=147s
  step 1300/101725  loss=5.6369  tokens=0.064B  elapsed=159s
  step 1400/101725  loss=5.7243  tokens=0.069B  elapsed=168s
  step 1500/101725  loss=5.8294  tokens=0.074B  elapsed=180s
  step 1600/101725  loss=5.6452  tokens=0.079B  elapsed=192s
  step 1700/101725  loss=5.6100  tokens=0.084B  elapsed=201s
  step 1800/101725  loss=5.5350  tokens=0.088B  elapsed=210s
  step 1900/101725  loss=5.5816  tokens=0.093B  elapsed=221s
  step 2000/101725  loss=5.6134  tokens=0.098B  elapsed=232s
  step 2100/101725  loss=5.4947  tokens=0.103B  elapsed=243s
  step 2200/101725  loss=5.4686  tokens=0.108B  elapsed=254s
  step 2300/101725  loss=5.5334  tokens=0.113B  elapsed=264s
  step 2400/101725  loss=5.4568  tokens=0.118B  elapsed=274s
  step 2500/101725  loss=5.4770  tokens=0.123B  elapsed=285s
/workspace/tensor-mars/.venv/lib/python3.13/site-packages/torch/_inductor/compile_fx.py:321: UserWarning: TensorFloat32 tensor cores for float32 matrix multiplication available but not enabled. Consider setting `torch.set_float32_matmul_precision('high')` for better performance.
  warnings.warn(

  [step 2500, 0.12B tokens] induction_score=0.0064 1st=9.9855 2nd=9.9790 toy_acc=0.000235 (0.0235%)
  step 2600/101725  loss=5.5635  tokens=0.128B  elapsed=302s
  step 2700/101725  loss=5.2870  tokens=0.133B  elapsed=312s
  step 2800/101725  loss=5.6425  tokens=0.138B  elapsed=321s
  step 2900/101725  loss=5.4191  tokens=0.143B  elapsed=329s
  step 3000/101725  loss=5.3973  tokens=0.147B  elapsed=341s
  step 3100/101725  loss=5.2996  tokens=0.152B  elapsed=351s
  step 3200/101725  loss=5.4348  tokens=0.157B  elapsed=361s
  step 3300/101725  loss=5.3138  tokens=0.162B  elapsed=374s
  step 3400/101725  loss=5.3458  tokens=0.167B  elapsed=386s
  step 3500/101725  loss=5.3652  tokens=0.172B  elapsed=398s
  step 3600/101725  loss=5.4387  tokens=0.177B  elapsed=410s
  step 3700/101725  loss=5.3653  tokens=0.182B  elapsed=421s
  step 3800/101725  loss=5.2596  tokens=0.187B  elapsed=432s
  step 3900/101725  loss=5.2726  tokens=0.192B  elapsed=442s
  step 4000/101725  loss=5.3472  tokens=0.197B  elapsed=453s
  step 4100/101725  loss=5.3397  tokens=0.202B  elapsed=465s
  step 4200/101725  loss=5.4311  tokens=0.206B  elapsed=474s
  step 4300/101725  loss=5.2949  tokens=0.211B  elapsed=484s
  step 4400/101725  loss=5.4099  tokens=0.216B  elapsed=496s
  step 4500/101725  loss=5.3281  tokens=0.221B  elapsed=506s
  step 4600/101725  loss=5.1746  tokens=0.226B  elapsed=515s
  step 4700/101725  loss=5.2759  tokens=0.231B  elapsed=526s
  step 4800/101725  loss=5.3113  tokens=0.236B  elapsed=537s
  step 4900/101725  loss=5.2109  tokens=0.241B  elapsed=547s
  step 5000/101725  loss=5.3733  tokens=0.246B  elapsed=557s

  [step 5000, 0.25B tokens] induction_score=0.0056 1st=10.0472 2nd=10.0416 toy_acc=0.000275 (0.0275%)
  step 5100/101725  loss=5.3101  tokens=0.251B  elapsed=567s
  step 5200/101725  loss=5.2621  tokens=0.256B  elapsed=577s
  step 5300/101725  loss=5.3310  tokens=0.261B  elapsed=587s
  step 5400/101725  loss=5.2303  tokens=0.265B  elapsed=596s
  step 5500/101725  loss=5.2223  tokens=0.270B  elapsed=607s
  step 5600/101725  loss=5.1861  tokens=0.275B  elapsed=617s
  step 5700/101725  loss=5.3165  tokens=0.280B  elapsed=627s
  step 5800/101725  loss=5.2390  tokens=0.285B  elapsed=637s
  step 5900/101725  loss=5.2580  tokens=0.290B  elapsed=648s
  step 6000/101725  loss=5.3094  tokens=0.295B  elapsed=658s
  step 6100/101725  loss=5.2451  tokens=0.300B  elapsed=667s
  step 6200/101725  loss=5.2797  tokens=0.305B  elapsed=677s
  step 6300/101725  loss=5.2216  tokens=0.310B  elapsed=686s
  step 6400/101725  loss=5.2270  tokens=0.315B  elapsed=696s
  step 6500/101725  loss=5.2183  tokens=0.319B  elapsed=706s
  step 6600/101725  loss=5.2510  tokens=0.324B  elapsed=716s
  step 6700/101725  loss=5.2095  tokens=0.329B  elapsed=726s
  step 6800/101725  loss=5.1260  tokens=0.334B  elapsed=736s
  step 6900/101725  loss=5.1551  tokens=0.339B  elapsed=746s
  step 7000/101725  loss=5.2112  tokens=0.344B  elapsed=756s
  step 7100/101725  loss=5.2384  tokens=0.349B  elapsed=766s
  step 7200/101725  loss=5.2160  tokens=0.354B  elapsed=776s
  step 7300/101725  loss=5.2246  tokens=0.359B  elapsed=788s
  step 7400/101725  loss=5.2159  tokens=0.364B  elapsed=797s
  step 7500/101725  loss=4.9383  tokens=0.369B  elapsed=808s

  [step 7500, 0.37B tokens] induction_score=-0.0191 1st=10.4281 2nd=10.4472 toy_acc=0.000392 (0.0392%)
  step 7600/101725  loss=5.1768  tokens=0.374B  elapsed=818s
  step 7700/101725  loss=5.1086  tokens=0.378B  elapsed=829s
  step 7800/101725  loss=5.1857  tokens=0.383B  elapsed=839s
  step 7900/101725  loss=5.1778  tokens=0.388B  elapsed=850s
  step 8000/101725  loss=5.2997  tokens=0.393B  elapsed=860s
  step 8100/101725  loss=5.0894  tokens=0.398B  elapsed=870s
  step 8200/101725  loss=5.2735  tokens=0.403B  elapsed=880s
  step 8300/101725  loss=5.3927  tokens=0.408B  elapsed=890s
  step 8400/101725  loss=5.2372  tokens=0.413B  elapsed=901s
  step 8500/101725  loss=5.2865  tokens=0.418B  elapsed=911s
  step 8600/101725  loss=5.2215  tokens=0.423B  elapsed=921s
  step 8700/101725  loss=5.2004  tokens=0.428B  elapsed=932s
  step 8800/101725  loss=5.1199  tokens=0.433B  elapsed=941s
  step 8900/101725  loss=5.2632  tokens=0.437B  elapsed=950s
  step 9000/101725  loss=5.2457  tokens=0.442B  elapsed=960s
  step 9100/101725  loss=5.1020  tokens=0.447B  elapsed=969s
  step 9200/101725  loss=5.4158  tokens=0.452B  elapsed=978s
  step 9300/101725  loss=5.2223  tokens=0.457B  elapsed=988s
  step 9400/101725  loss=5.1212  tokens=0.462B  elapsed=997s
  step 9500/101725  loss=5.1299  tokens=0.467B  elapsed=1007s
  step 9600/101725  loss=5.1320  tokens=0.472B  elapsed=1018s
  step 9700/101725  loss=5.1175  tokens=0.477B  elapsed=1029s
  step 9800/101725  loss=5.1539  tokens=0.482B  elapsed=1039s
  step 9900/101725  loss=5.2990  tokens=0.487B  elapsed=1050s
  step 10000/101725  loss=5.1157  tokens=0.492B  elapsed=1060s

  [step 10000, 0.49B tokens] induction_score=-0.0199 1st=10.3378 2nd=10.3576 toy_acc=0.000353 (0.0353%)
  step 10100/101725  loss=5.1013  tokens=0.496B  elapsed=1069s
  step 10200/101725  loss=5.1944  tokens=0.501B  elapsed=1078s
  step 10300/101725  loss=5.0979  tokens=0.506B  elapsed=1087s
  step 10400/101725  loss=5.1335  tokens=0.511B  elapsed=1095s
  step 10500/101725  loss=5.0824  tokens=0.516B  elapsed=1104s
  step 10600/101725  loss=5.1229  tokens=0.521B  elapsed=1115s
  step 10700/101725  loss=5.1068  tokens=0.526B  elapsed=1125s
  step 10800/101725  loss=5.1329  tokens=0.531B  elapsed=1134s
  step 10900/101725  loss=5.0885  tokens=0.536B  elapsed=1144s
  step 11000/101725  loss=5.1611  tokens=0.541B  elapsed=1154s
  step 11100/101725  loss=5.0906  tokens=0.546B  elapsed=1164s
  step 11200/101725  loss=5.0997  tokens=0.551B  elapsed=1172s
  step 11300/101725  loss=5.2069  tokens=0.555B  elapsed=1182s
  step 11400/101725  loss=5.1481  tokens=0.560B  elapsed=1192s
  step 11500/101725  loss=5.0419  tokens=0.565B  elapsed=1202s
  step 11600/101725  loss=5.1082  tokens=0.570B  elapsed=1211s
  step 11700/101725  loss=5.1098  tokens=0.575B  elapsed=1222s
  step 11800/101725  loss=5.0084  tokens=0.580B  elapsed=1231s
  step 11900/101725  loss=5.0403  tokens=0.585B  elapsed=1240s
  step 12000/101725  loss=5.2788  tokens=0.590B  elapsed=1249s
  step 12100/101725  loss=5.0688  tokens=0.595B  elapsed=1258s
  step 12200/101725  loss=5.1369  tokens=0.600B  elapsed=1267s
  step 12300/101725  loss=5.1151  tokens=0.605B  elapsed=1277s
  step 12400/101725  loss=5.0317  tokens=0.609B  elapsed=1287s
  step 12500/101725  loss=5.0359  tokens=0.614B  elapsed=1296s

  [step 12500, 0.61B tokens] induction_score=-0.0154 1st=10.1759 2nd=10.1914 toy_acc=0.000275 (0.0275%)
  step 12600/101725  loss=5.1132  tokens=0.619B  elapsed=1305s
  step 12700/101725  loss=5.0865  tokens=0.624B  elapsed=1314s
  step 12800/101725  loss=5.2161  tokens=0.629B  elapsed=1323s
  step 12900/101725  loss=5.0136  tokens=0.634B  elapsed=1333s
  step 13000/101725  loss=5.0725  tokens=0.639B  elapsed=1343s
  step 13100/101725  loss=5.0603  tokens=0.644B  elapsed=1351s
  step 13200/101725  loss=5.0703  tokens=0.649B  elapsed=1361s
  step 13300/101725  loss=5.1167  tokens=0.654B  elapsed=1370s
  step 13400/101725  loss=5.1352  tokens=0.659B  elapsed=1378s
  step 13500/101725  loss=4.9132  tokens=0.664B  elapsed=1389s
  step 13600/101725  loss=5.0938  tokens=0.668B  elapsed=1399s
  step 13700/101725  loss=5.1056  tokens=0.673B  elapsed=1408s
  step 13800/101725  loss=5.2195  tokens=0.678B  elapsed=1418s
  step 13900/101725  loss=5.0994  tokens=0.683B  elapsed=1427s
  step 14000/101725  loss=5.0982  tokens=0.688B  elapsed=1435s
  step 14100/101725  loss=5.1293  tokens=0.693B  elapsed=1442s
  step 14200/101725  loss=5.2037  tokens=0.698B  elapsed=1451s
  step 14300/101725  loss=5.0796  tokens=0.703B  elapsed=1462s
  step 14400/101725  loss=5.1308  tokens=0.708B  elapsed=1470s
  step 14500/101725  loss=5.0978  tokens=0.713B  elapsed=1480s
  step 14600/101725  loss=5.1969  tokens=0.718B  elapsed=1489s
  step 14700/101725  loss=5.1350  tokens=0.723B  elapsed=1499s
  step 14800/101725  loss=5.0771  tokens=0.727B  elapsed=1509s
  step 14900/101725  loss=5.0548  tokens=0.732B  elapsed=1516s
  step 15000/101725  loss=5.0162  tokens=0.737B  elapsed=1526s

  [step 15000, 0.74B tokens] induction_score=-0.0145 1st=10.3462 2nd=10.3608 toy_acc=0.000235 (0.0235%)
  step 15100/101725  loss=5.0709  tokens=0.742B  elapsed=1534s
  step 15200/101725  loss=5.1606  tokens=0.747B  elapsed=1545s
  step 15300/101725  loss=5.0909  tokens=0.752B  elapsed=1555s
  step 15400/101725  loss=5.1035  tokens=0.757B  elapsed=1565s
  step 15500/101725  loss=5.0658  tokens=0.762B  elapsed=1574s
  step 15600/101725  loss=5.0251  tokens=0.767B  elapsed=1584s
  step 15700/101725  loss=4.9793  tokens=0.772B  elapsed=1593s
  step 15800/101725  loss=5.0076  tokens=0.777B  elapsed=1603s
  step 15900/101725  loss=5.1203  tokens=0.782B  elapsed=1613s
  step 16000/101725  loss=5.0994  tokens=0.786B  elapsed=1622s
  step 16100/101725  loss=5.1257  tokens=0.791B  elapsed=1632s
  step 16200/101725  loss=5.1337  tokens=0.796B  elapsed=1641s
  step 16300/101725  loss=4.9809  tokens=0.801B  elapsed=1650s
  step 16400/101725  loss=5.3256  tokens=0.806B  elapsed=1658s
  step 16500/101725  loss=5.0994  tokens=0.811B  elapsed=1666s
  step 16600/101725  loss=4.9614  tokens=0.816B  elapsed=1675s
  step 16700/101725  loss=4.9354  tokens=0.821B  elapsed=1686s
  step 16800/101725  loss=4.9657  tokens=0.826B  elapsed=1695s
  step 16900/101725  loss=5.2729  tokens=0.831B  elapsed=1702s
  step 17000/101725  loss=5.0781  tokens=0.836B  elapsed=1712s
  step 17100/101725  loss=4.9553  tokens=0.840B  elapsed=1723s
  step 17200/101725  loss=4.9650  tokens=0.845B  elapsed=1732s
  step 17300/101725  loss=4.9534  tokens=0.850B  elapsed=1742s
  step 17400/101725  loss=5.2788  tokens=0.855B  elapsed=1752s
  step 17500/101725  loss=5.1035  tokens=0.860B  elapsed=1763s

  [step 17500, 0.86B tokens] induction_score=-0.0125 1st=10.2707 2nd=10.2831 toy_acc=0.000196 (0.0196%)
  step 17600/101725  loss=5.0302  tokens=0.865B  elapsed=1773s
  step 17700/101725  loss=5.0521  tokens=0.870B  elapsed=1783s
  step 17800/101725  loss=5.0292  tokens=0.875B  elapsed=1792s
  step 17900/101725  loss=5.1253  tokens=0.880B  elapsed=1803s
  step 18000/101725  loss=5.0346  tokens=0.885B  elapsed=1811s
  step 18100/101725  loss=5.0211  tokens=0.890B  elapsed=1818s
  step 18200/101725  loss=5.0530  tokens=0.895B  elapsed=1829s
  step 18300/101725  loss=5.0695  tokens=0.899B  elapsed=1839s
  step 18400/101725  loss=4.9068  tokens=0.904B  elapsed=1848s
  step 18500/101725  loss=5.0030  tokens=0.909B  elapsed=1858s
  step 18600/101725  loss=5.1549  tokens=0.914B  elapsed=1868s
  step 18700/101725  loss=4.9945  tokens=0.919B  elapsed=1877s
  step 18800/101725  loss=4.9833  tokens=0.924B  elapsed=1886s
  step 18900/101725  loss=5.0908  tokens=0.929B  elapsed=1896s
  step 19000/101725  loss=4.8866  tokens=0.934B  elapsed=1906s
  step 19100/101725  loss=5.0064  tokens=0.939B  elapsed=1917s
  step 19200/101725  loss=5.0771  tokens=0.944B  elapsed=1926s
  step 19300/101725  loss=5.0301  tokens=0.949B  elapsed=1936s
  step 19400/101725  loss=4.8354  tokens=0.954B  elapsed=1947s
  step 19500/101725  loss=5.1220  tokens=0.958B  elapsed=1955s
  step 19600/101725  loss=4.9516  tokens=0.963B  elapsed=1965s
  step 19700/101725  loss=5.0395  tokens=0.968B  elapsed=1975s
  step 19800/101725  loss=5.1168  tokens=0.973B  elapsed=1984s
  step 19900/101725  loss=5.0514  tokens=0.978B  elapsed=1994s
  step 20000/101725  loss=5.0083  tokens=0.983B  elapsed=2004s

  [step 20000, 0.98B tokens] induction_score=0.0042 1st=10.0771 2nd=10.0728 toy_acc=0.000235 (0.0235%)
  step 20100/101725  loss=4.9768  tokens=0.988B  elapsed=2015s
  step 20200/101725  loss=5.0249  tokens=0.993B  elapsed=2024s
  step 20300/101725  loss=5.0119  tokens=0.998B  elapsed=2035s
  step 20400/101725  loss=5.0977  tokens=1.003B  elapsed=2044s
  step 20500/101725  loss=4.9943  tokens=1.008B  elapsed=2052s
  step 20600/101725  loss=4.9671  tokens=1.013B  elapsed=2062s
  step 20700/101725  loss=5.0226  tokens=1.017B  elapsed=2072s
  step 20800/101725  loss=4.9784  tokens=1.022B  elapsed=2082s
  step 20900/101725  loss=4.9219  tokens=1.027B  elapsed=2091s
  step 21000/101725  loss=5.0578  tokens=1.032B  elapsed=2100s
  step 21100/101725  loss=4.9533  tokens=1.037B  elapsed=2111s
  step 21200/101725  loss=5.0203  tokens=1.042B  elapsed=2121s
  step 21300/101725  loss=4.9566  tokens=1.047B  elapsed=2131s
  step 21400/101725  loss=4.9574  tokens=1.052B  elapsed=2141s
  step 21500/101725  loss=5.0509  tokens=1.057B  elapsed=2151s
  step 21600/101725  loss=5.0747  tokens=1.062B  elapsed=2160s
  step 21700/101725  loss=5.0594  tokens=1.067B  elapsed=2168s
  step 21800/101725  loss=4.8709  tokens=1.072B  elapsed=2177s
  step 21900/101725  loss=5.0153  tokens=1.076B  elapsed=2187s
  step 22000/101725  loss=5.0304  tokens=1.081B  elapsed=2197s
  step 22100/101725  loss=4.9808  tokens=1.086B  elapsed=2204s
  step 22200/101725  loss=4.8713  tokens=1.091B  elapsed=2214s
  step 22300/101725  loss=4.9510  tokens=1.096B  elapsed=2224s
  step 22400/101725  loss=5.0553  tokens=1.101B  elapsed=2232s
  step 22500/101725  loss=4.9970  tokens=1.106B  elapsed=2243s

  [step 22500, 1.11B tokens] induction_score=0.0042 1st=10.1182 2nd=10.1141 toy_acc=0.000314 (0.0314%)
  step 22600/101725  loss=5.0096  tokens=1.111B  elapsed=2253s
  step 22700/101725  loss=4.9948  tokens=1.116B  elapsed=2262s
  step 22800/101725  loss=5.0214  tokens=1.121B  elapsed=2270s
  step 22900/101725  loss=5.0091  tokens=1.126B  elapsed=2281s
  step 23000/101725  loss=5.0573  tokens=1.130B  elapsed=2289s
  step 23100/101725  loss=4.9447  tokens=1.135B  elapsed=2297s
  step 23200/101725  loss=4.9130  tokens=1.140B  elapsed=2307s
  step 23300/101725  loss=4.9960  tokens=1.145B  elapsed=2317s
  step 23400/101725  loss=5.0176  tokens=1.150B  elapsed=2328s
  step 23500/101725  loss=5.0547  tokens=1.155B  elapsed=2337s
  step 23600/101725  loss=5.0959  tokens=1.160B  elapsed=2344s
  step 23700/101725  loss=5.0445  tokens=1.165B  elapsed=2356s
  step 23800/101725  loss=4.9403  tokens=1.170B  elapsed=2366s
  step 23900/101725  loss=4.9870  tokens=1.175B  elapsed=2377s
  step 24000/101725  loss=4.9816  tokens=1.180B  elapsed=2388s
  step 24100/101725  loss=5.0001  tokens=1.185B  elapsed=2398s
  step 24200/101725  loss=4.9655  tokens=1.189B  elapsed=2408s
  step 24300/101725  loss=5.0610  tokens=1.194B  elapsed=2417s
  step 24400/101725  loss=5.0426  tokens=1.199B  elapsed=2426s
  step 24500/101725  loss=4.9656  tokens=1.204B  elapsed=2436s
  step 24600/101725  loss=4.9316  tokens=1.209B  elapsed=2444s
  step 24700/101725  loss=5.1035  tokens=1.214B  elapsed=2455s
  step 24800/101725  loss=4.9695  tokens=1.219B  elapsed=2465s
  step 24900/101725  loss=5.0859  tokens=1.224B  elapsed=2475s
  step 25000/101725  loss=5.0196  tokens=1.229B  elapsed=2485s

  [step 25000, 1.23B tokens] induction_score=0.0074 1st=10.0797 2nd=10.0723 toy_acc=0.000275 (0.0275%)
  step 25100/101725  loss=5.0944  tokens=1.234B  elapsed=2496s
  step 25200/101725  loss=4.9789  tokens=1.239B  elapsed=2506s
  step 25300/101725  loss=4.9596  tokens=1.244B  elapsed=2516s
  step 25400/101725  loss=4.9890  tokens=1.248B  elapsed=2523s
  step 25500/101725  loss=5.0918  tokens=1.253B  elapsed=2534s
  step 25600/101725  loss=4.9739  tokens=1.258B  elapsed=2545s
  step 25700/101725  loss=5.0022  tokens=1.263B  elapsed=2555s
  step 25800/101725  loss=4.9647  tokens=1.268B  elapsed=2565s
  step 25900/101725  loss=5.0075  tokens=1.273B  elapsed=2576s
  step 26000/101725  loss=5.0099  tokens=1.278B  elapsed=2585s
  step 26100/101725  loss=4.9866  tokens=1.283B  elapsed=2595s
  step 26200/101725  loss=4.9661  tokens=1.288B  elapsed=2606s
  step 26300/101725  loss=4.9668  tokens=1.293B  elapsed=2617s
  step 26400/101725  loss=4.9377  tokens=1.298B  elapsed=2626s
  step 26500/101725  loss=5.0725  tokens=1.303B  elapsed=2634s
  step 26600/101725  loss=4.9187  tokens=1.307B  elapsed=2646s
  step 26700/101725  loss=4.9333  tokens=1.312B  elapsed=2656s
  step 26800/101725  loss=4.9913  tokens=1.317B  elapsed=2666s
  step 26900/101725  loss=5.0310  tokens=1.322B  elapsed=2676s
  step 27000/101725  loss=4.9175  tokens=1.327B  elapsed=2687s
  step 27100/101725  loss=4.9165  tokens=1.332B  elapsed=2696s
  step 27200/101725  loss=4.9352  tokens=1.337B  elapsed=2704s
  step 27300/101725  loss=4.8545  tokens=1.342B  elapsed=2715s
  step 27400/101725  loss=5.0399  tokens=1.347B  elapsed=2722s
  step 27500/101725  loss=5.1002  tokens=1.352B  elapsed=2732s

  [step 27500, 1.35B tokens] induction_score=0.0126 1st=10.0267 2nd=10.0141 toy_acc=0.000275 (0.0275%)
  step 27600/101725  loss=5.0992  tokens=1.357B  elapsed=2741s
  step 27700/101725  loss=4.9783  tokens=1.362B  elapsed=2749s
  step 27800/101725  loss=4.9297  tokens=1.366B  elapsed=2758s
  step 27900/101725  loss=5.0968  tokens=1.371B  elapsed=2767s
  step 28000/101725  loss=5.0209  tokens=1.376B  elapsed=2776s
  step 28100/101725  loss=5.2942  tokens=1.381B  elapsed=2787s
  step 28200/101725  loss=4.8564  tokens=1.386B  elapsed=2797s
  step 28300/101725  loss=4.8361  tokens=1.391B  elapsed=2806s
  step 28400/101725  loss=4.9304  tokens=1.396B  elapsed=2818s
  step 28500/101725  loss=4.9468  tokens=1.401B  elapsed=2829s
  step 28600/101725  loss=5.0018  tokens=1.406B  elapsed=2842s
  step 28700/101725  loss=5.0010  tokens=1.411B  elapsed=2852s
  step 28800/101725  loss=4.9159  tokens=1.416B  elapsed=2866s
  step 28900/101725  loss=4.9638  tokens=1.420B  elapsed=2878s
  step 29000/101725  loss=4.9603  tokens=1.425B  elapsed=2887s
  step 29100/101725  loss=4.9327  tokens=1.430B  elapsed=2899s
  step 29200/101725  loss=4.9644  tokens=1.435B  elapsed=2910s
  step 29300/101725  loss=5.0568  tokens=1.440B  elapsed=2921s
  step 29400/101725  loss=4.9881  tokens=1.445B  elapsed=2931s
  step 29500/101725  loss=4.8720  tokens=1.450B  elapsed=2945s
  step 29600/101725  loss=5.2095  tokens=1.455B  elapsed=2956s
  step 29700/101725  loss=5.0857  tokens=1.460B  elapsed=2967s
  step 29800/101725  loss=5.0360  tokens=1.465B  elapsed=2977s
  step 29900/101725  loss=4.9480  tokens=1.470B  elapsed=2988s
  step 30000/101725  loss=4.9950  tokens=1.475B  elapsed=2999s

  [step 30000, 1.47B tokens] induction_score=0.0186 1st=9.9012 2nd=9.8826 toy_acc=0.000314 (0.0314%)
  step 30100/101725  loss=4.9423  tokens=1.479B  elapsed=3009s
  step 30200/101725  loss=4.8768  tokens=1.484B  elapsed=3024s
  step 30300/101725  loss=4.9003  tokens=1.489B  elapsed=3034s
  step 30400/101725  loss=4.9470  tokens=1.494B  elapsed=3047s
  step 30500/101725  loss=5.0364  tokens=1.499B  elapsed=3057s
  step 30600/101725  loss=5.0809  tokens=1.504B  elapsed=3071s
  step 30700/101725  loss=4.9260  tokens=1.509B  elapsed=3083s
  step 30800/101725  loss=4.7899  tokens=1.514B  elapsed=3093s
  step 30900/101725  loss=4.9747  tokens=1.519B  elapsed=3107s
  step 31000/101725  loss=4.9831  tokens=1.524B  elapsed=3117s
  step 31100/101725  loss=4.9581  tokens=1.529B  elapsed=3127s
  step 31200/101725  loss=5.0155  tokens=1.534B  elapsed=3138s
  step 31300/101725  loss=4.9752  tokens=1.538B  elapsed=3149s
  step 31400/101725  loss=4.9255  tokens=1.543B  elapsed=3161s
  step 31500/101725  loss=5.1298  tokens=1.548B  elapsed=3172s
  step 31600/101725  loss=5.0064  tokens=1.553B  elapsed=3182s
  step 31700/101725  loss=4.9804  tokens=1.558B  elapsed=3193s
  step 31800/101725  loss=4.8823  tokens=1.563B  elapsed=3203s
  step 31900/101725  loss=5.0065  tokens=1.568B  elapsed=3214s
  step 32000/101725  loss=4.8812  tokens=1.573B  elapsed=3226s
  step 32100/101725  loss=4.9845  tokens=1.578B  elapsed=3237s
  step 32200/101725  loss=4.9287  tokens=1.583B  elapsed=3249s
  step 32300/101725  loss=4.9209  tokens=1.588B  elapsed=3260s
  step 32400/101725  loss=4.9124  tokens=1.593B  elapsed=3272s
  step 32500/101725  loss=4.9904  tokens=1.597B  elapsed=3285s

  [step 32500, 1.60B tokens] induction_score=0.0240 1st=9.8867 2nd=9.8627 toy_acc=0.000235 (0.0235%)
  step 32600/101725  loss=5.0016  tokens=1.602B  elapsed=3297s
  step 32700/101725  loss=5.1403  tokens=1.607B  elapsed=3306s
  step 32800/101725  loss=5.0703  tokens=1.612B  elapsed=3320s
  step 32900/101725  loss=4.8516  tokens=1.617B  elapsed=3331s
  step 33000/101725  loss=4.8517  tokens=1.622B  elapsed=3343s
  step 33100/101725  loss=4.8727  tokens=1.627B  elapsed=3354s
  step 33200/101725  loss=4.8593  tokens=1.632B  elapsed=3364s
  step 33300/101725  loss=5.0292  tokens=1.637B  elapsed=3375s
  step 33400/101725  loss=4.9599  tokens=1.642B  elapsed=3384s
  step 33500/101725  loss=4.9021  tokens=1.647B  elapsed=3396s
  step 33600/101725  loss=5.0149  tokens=1.652B  elapsed=3407s
  step 33700/101725  loss=4.9766  tokens=1.656B  elapsed=3418s
  step 33800/101725  loss=4.8742  tokens=1.661B  elapsed=3429s
  step 33900/101725  loss=4.9119  tokens=1.666B  elapsed=3441s
  step 34000/101725  loss=4.8293  tokens=1.671B  elapsed=3453s
  step 34100/101725  loss=5.0001  tokens=1.676B  elapsed=3464s
  step 34200/101725  loss=5.0043  tokens=1.681B  elapsed=3474s
  step 34300/101725  loss=4.8242  tokens=1.686B  elapsed=3486s
  step 34400/101725  loss=4.9864  tokens=1.691B  elapsed=3496s
  step 34500/101725  loss=4.8807  tokens=1.696B  elapsed=3506s
  step 34600/101725  loss=4.8698  tokens=1.701B  elapsed=3518s
  step 34700/101725  loss=4.9319  tokens=1.706B  elapsed=3530s
  step 34800/101725  loss=4.9903  tokens=1.710B  elapsed=3540s
  step 34900/101725  loss=4.9398  tokens=1.715B  elapsed=3552s
  step 35000/101725  loss=4.8505  tokens=1.720B  elapsed=3562s

  [step 35000, 1.72B tokens] induction_score=0.0297 1st=9.7691 2nd=9.7394 toy_acc=0.000157 (0.0157%)
  step 35100/101725  loss=4.9231  tokens=1.725B  elapsed=3574s
  step 35200/101725  loss=4.9168  tokens=1.730B  elapsed=3585s
  step 35300/101725  loss=4.9353  tokens=1.735B  elapsed=3598s
  step 35400/101725  loss=4.9956  tokens=1.740B  elapsed=3608s
  step 35500/101725  loss=4.8974  tokens=1.745B  elapsed=3620s
  step 35600/101725  loss=4.9369  tokens=1.750B  elapsed=3630s
  step 35700/101725  loss=4.9390  tokens=1.755B  elapsed=3642s
  step 35800/101725  loss=4.9132  tokens=1.760B  elapsed=3651s
  step 35900/101725  loss=4.8822  tokens=1.765B  elapsed=3662s
  step 36000/101725  loss=5.0151  tokens=1.769B  elapsed=3673s
  step 36100/101725  loss=4.9127  tokens=1.774B  elapsed=3682s
  step 36200/101725  loss=4.8128  tokens=1.779B  elapsed=3693s
  step 36300/101725  loss=4.9060  tokens=1.784B  elapsed=3702s
  step 36400/101725  loss=4.8074  tokens=1.789B  elapsed=3715s
  step 36500/101725  loss=4.8961  tokens=1.794B  elapsed=3727s
  step 36600/101725  loss=4.9751  tokens=1.799B  elapsed=3738s
  step 36700/101725  loss=4.9216  tokens=1.804B  elapsed=3752s
  step 36800/101725  loss=4.8841  tokens=1.809B  elapsed=3763s
  step 36900/101725  loss=4.8605  tokens=1.814B  elapsed=3773s
  step 37000/101725  loss=4.9483  tokens=1.819B  elapsed=3784s
  step 37100/101725  loss=4.9677  tokens=1.824B  elapsed=3796s
  step 37200/101725  loss=5.0321  tokens=1.828B  elapsed=3807s
  step 37300/101725  loss=4.9519  tokens=1.833B  elapsed=3817s
  step 37400/101725  loss=4.8537  tokens=1.838B  elapsed=3829s
  step 37500/101725  loss=4.8940  tokens=1.843B  elapsed=3842s

  [step 37500, 1.84B tokens] induction_score=0.0364 1st=9.8386 2nd=9.8022 toy_acc=0.000196 (0.0196%)
  step 37600/101725  loss=4.8888  tokens=1.848B  elapsed=3854s
  step 37700/101725  loss=4.8309  tokens=1.853B  elapsed=3864s
  step 37800/101725  loss=4.9746  tokens=1.858B  elapsed=3875s
  step 37900/101725  loss=4.9303  tokens=1.863B  elapsed=3888s
  step 38000/101725  loss=4.9295  tokens=1.868B  elapsed=3900s
  step 38100/101725  loss=4.9809  tokens=1.873B  elapsed=3911s
  step 38200/101725  loss=4.8651  tokens=1.878B  elapsed=3924s
  step 38300/101725  loss=4.8427  tokens=1.883B  elapsed=3935s
  step 38400/101725  loss=4.8070  tokens=1.887B  elapsed=3944s
  step 38500/101725  loss=4.9593  tokens=1.892B  elapsed=3955s
  step 38600/101725  loss=4.9551  tokens=1.897B  elapsed=3967s
  step 38700/101725  loss=4.8664  tokens=1.902B  elapsed=3976s
  step 38800/101725  loss=4.8072  tokens=1.907B  elapsed=3988s
  step 38900/101725  loss=4.8844  tokens=1.912B  elapsed=3998s
  step 39000/101725  loss=4.8857  tokens=1.917B  elapsed=4007s
  step 39100/101725  loss=4.8501  tokens=1.922B  elapsed=4019s
  step 39200/101725  loss=4.9183  tokens=1.927B  elapsed=4030s
  step 39300/101725  loss=4.9889  tokens=1.932B  elapsed=4043s
  step 39400/101725  loss=4.9099  tokens=1.937B  elapsed=4054s
  step 39500/101725  loss=4.9046  tokens=1.942B  elapsed=4065s
  step 39600/101725  loss=4.9556  tokens=1.946B  elapsed=4075s
  step 39700/101725  loss=4.8625  tokens=1.951B  elapsed=4088s
  step 39800/101725  loss=4.9402  tokens=1.956B  elapsed=4101s
  step 39900/101725  loss=5.0319  tokens=1.961B  elapsed=4113s
  step 40000/101725  loss=4.8630  tokens=1.966B  elapsed=4125s

  [step 40000, 1.97B tokens] induction_score=0.0693 1st=9.7505 2nd=9.6811 toy_acc=0.000353 (0.0353%)
  step 40100/101725  loss=4.8523  tokens=1.971B  elapsed=4138s
  step 40200/101725  loss=4.8649  tokens=1.976B  elapsed=4149s
  step 40300/101725  loss=4.9178  tokens=1.981B  elapsed=4161s
  step 40400/101725  loss=4.8572  tokens=1.986B  elapsed=4172s
  step 40500/101725  loss=4.8481  tokens=1.991B  elapsed=4183s
  step 40600/101725  loss=4.9571  tokens=1.996B  elapsed=4192s
  step 40700/101725  loss=4.8975  tokens=2.000B  elapsed=4202s
  step 40800/101725  loss=4.9091  tokens=2.005B  elapsed=4212s
  step 40900/101725  loss=4.9723  tokens=2.010B  elapsed=4223s
  step 41000/101725  loss=4.8370  tokens=2.015B  elapsed=4234s
  step 41100/101725  loss=4.8303  tokens=2.020B  elapsed=4245s
  step 41200/101725  loss=4.9243  tokens=2.025B  elapsed=4255s
  step 41300/101725  loss=4.8923  tokens=2.030B  elapsed=4266s
  step 41400/101725  loss=4.8677  tokens=2.035B  elapsed=4276s
  step 41500/101725  loss=4.9044  tokens=2.040B  elapsed=4289s
  step 41600/101725  loss=4.6457  tokens=2.045B  elapsed=4301s
  step 41700/101725  loss=4.8680  tokens=2.050B  elapsed=4312s
  step 41800/101725  loss=4.8318  tokens=2.055B  elapsed=4323s
  step 41900/101725  loss=4.9576  tokens=2.059B  elapsed=4333s
  step 42000/101725  loss=4.9711  tokens=2.064B  elapsed=4344s
  step 42100/101725  loss=4.8890  tokens=2.069B  elapsed=4356s
  step 42200/101725  loss=4.6941  tokens=2.074B  elapsed=4369s
  step 42300/101725  loss=4.8984  tokens=2.079B  elapsed=4379s
  step 42400/101725  loss=4.8133  tokens=2.084B  elapsed=4391s
  step 42500/101725  loss=4.8199  tokens=2.089B  elapsed=4403s

  [step 42500, 2.09B tokens] induction_score=0.1150 1st=9.9046 2nd=9.7896 toy_acc=0.000431 (0.0431%)
  step 42600/101725  loss=4.8938  tokens=2.094B  elapsed=4415s
  step 42700/101725  loss=5.2391  tokens=2.099B  elapsed=4425s
  step 42800/101725  loss=4.9338  tokens=2.104B  elapsed=4435s
  step 42900/101725  loss=4.9722  tokens=2.109B  elapsed=4446s
  step 43000/101725  loss=5.1842  tokens=2.114B  elapsed=4456s
  step 43100/101725  loss=4.8695  tokens=2.118B  elapsed=4468s
  step 43200/101725  loss=4.8363  tokens=2.123B  elapsed=4481s
  step 43300/101725  loss=5.1681  tokens=2.128B  elapsed=4495s
  step 43400/101725  loss=4.7610  tokens=2.133B  elapsed=4505s
  step 43500/101725  loss=4.8932  tokens=2.138B  elapsed=4517s
  step 43600/101725  loss=4.8317  tokens=2.143B  elapsed=4533s
  step 43700/101725  loss=4.8428  tokens=2.148B  elapsed=4543s
  step 43800/101725  loss=4.6549  tokens=2.153B  elapsed=4554s
  step 43900/101725  loss=4.9141  tokens=2.158B  elapsed=4566s
  step 44000/101725  loss=4.8185  tokens=2.163B  elapsed=4579s
  step 44100/101725  loss=5.0079  tokens=2.168B  elapsed=4590s
  step 44200/101725  loss=5.0104  tokens=2.173B  elapsed=4602s
  step 44300/101725  loss=4.8377  tokens=2.177B  elapsed=4615s
  step 44400/101725  loss=4.8524  tokens=2.182B  elapsed=4627s
  step 44500/101725  loss=4.7049  tokens=2.187B  elapsed=4639s
  step 44600/101725  loss=4.7349  tokens=2.192B  elapsed=4651s
  step 44700/101725  loss=4.8055  tokens=2.197B  elapsed=4663s
  step 44800/101725  loss=4.8790  tokens=2.202B  elapsed=4673s
  step 44900/101725  loss=4.7986  tokens=2.207B  elapsed=4684s
  step 45000/101725  loss=4.8516  tokens=2.212B  elapsed=4696s

  [step 45000, 2.21B tokens] induction_score=0.2312 1st=9.8218 2nd=9.5906 toy_acc=0.000471 (0.0471%)
  step 45100/101725  loss=4.9785  tokens=2.217B  elapsed=4709s
  step 45200/101725  loss=5.0085  tokens=2.222B  elapsed=4722s
  step 45300/101725  loss=4.9393  tokens=2.227B  elapsed=4734s
  step 45400/101725  loss=4.7566  tokens=2.232B  elapsed=4745s
  step 45500/101725  loss=4.9002  tokens=2.236B  elapsed=4755s
  step 45600/101725  loss=4.6474  tokens=2.241B  elapsed=4766s
  step 45700/101725  loss=4.8149  tokens=2.246B  elapsed=4777s
  step 45800/101725  loss=4.7310  tokens=2.251B  elapsed=4791s
  step 45900/101725  loss=4.9844  tokens=2.256B  elapsed=4803s
  step 46000/101725  loss=4.8216  tokens=2.261B  elapsed=4813s
  step 46100/101725  loss=4.8006  tokens=2.266B  elapsed=4823s
  step 46200/101725  loss=4.8356  tokens=2.271B  elapsed=4835s
  step 46300/101725  loss=4.7496  tokens=2.276B  elapsed=4844s
  step 46400/101725  loss=4.8168  tokens=2.281B  elapsed=4855s
  step 46500/101725  loss=4.6879  tokens=2.286B  elapsed=4867s
  step 46600/101725  loss=4.6264  tokens=2.290B  elapsed=4879s
  step 46700/101725  loss=4.7610  tokens=2.295B  elapsed=4889s
  step 46800/101725  loss=4.7776  tokens=2.300B  elapsed=4901s
  step 46900/101725  loss=4.8790  tokens=2.305B  elapsed=4913s
  step 47000/101725  loss=4.7437  tokens=2.310B  elapsed=4924s
  step 47100/101725  loss=4.8377  tokens=2.315B  elapsed=4935s
  step 47200/101725  loss=4.8543  tokens=2.320B  elapsed=4947s
  step 47300/101725  loss=4.8245  tokens=2.325B  elapsed=4957s
  step 47400/101725  loss=4.7819  tokens=2.330B  elapsed=4968s
  step 47500/101725  loss=4.7709  tokens=2.335B  elapsed=4980s

  [step 47500, 2.33B tokens] induction_score=0.3691 1st=9.8280 2nd=9.4589 toy_acc=0.000863 (0.0863%)
  step 47600/101725  loss=4.7318  tokens=2.340B  elapsed=4991s
  step 47700/101725  loss=4.9138  tokens=2.345B  elapsed=5000s
  step 47800/101725  loss=4.8572  tokens=2.349B  elapsed=5011s
  step 47900/101725  loss=4.9309  tokens=2.354B  elapsed=5023s
  step 48000/101725  loss=4.8189  tokens=2.359B  elapsed=5034s
  step 48100/101725  loss=4.7846  tokens=2.364B  elapsed=5044s
  step 48200/101725  loss=4.8368  tokens=2.369B  elapsed=5055s
  step 48300/101725  loss=4.7538  tokens=2.374B  elapsed=5065s
  step 48400/101725  loss=4.8532  tokens=2.379B  elapsed=5077s
  step 48500/101725  loss=4.7343  tokens=2.384B  elapsed=5089s
  step 48600/101725  loss=4.6806  tokens=2.389B  elapsed=5098s
  step 48700/101725  loss=4.7662  tokens=2.394B  elapsed=5111s
  step 48800/101725  loss=4.6920  tokens=2.399B  elapsed=5122s
  step 48900/101725  loss=4.8120  tokens=2.404B  elapsed=5135s
  step 49000/101725  loss=4.7226  tokens=2.408B  elapsed=5147s
  step 49100/101725  loss=4.8810  tokens=2.413B  elapsed=5158s
  step 49200/101725  loss=4.8077  tokens=2.418B  elapsed=5170s
  step 49300/101725  loss=4.8447  tokens=2.423B  elapsed=5180s
  step 49400/101725  loss=4.8101  tokens=2.428B  elapsed=5191s
  step 49500/101725  loss=4.7641  tokens=2.433B  elapsed=5201s
  step 49600/101725  loss=4.8214  tokens=2.438B  elapsed=5215s
  step 49700/101725  loss=4.7396  tokens=2.443B  elapsed=5225s
  step 49800/101725  loss=4.7275  tokens=2.448B  elapsed=5236s
  step 49900/101725  loss=4.8546  tokens=2.453B  elapsed=5247s
  step 50000/101725  loss=4.7197  tokens=2.458B  elapsed=5259s

  [step 50000, 2.46B tokens] induction_score=0.4603 1st=9.7600 2nd=9.2998 toy_acc=0.001098 (0.1098%)
  step 50100/101725  loss=4.8472  tokens=2.463B  elapsed=5271s
'The read operation timed out' thrown while requesting GET https://huggingface.co/datasets/stanford-crfm/DSIR-filtered-pile-50M/resolve/2b07626eba22fbb8ac936faa385767e06cba6593/train_1.jsonl
Retrying in 1s [Retry 1/5].
  step 50200/101725  loss=4.7094  tokens=2.467B  elapsed=5293s
  step 50300/101725  loss=4.8738  tokens=2.472B  elapsed=5305s
  step 50400/101725  loss=4.8599  tokens=2.477B  elapsed=5317s
  step 50500/101725  loss=4.8052  tokens=2.482B  elapsed=5330s
  step 50600/101725  loss=4.7161  tokens=2.487B  elapsed=5341s
  step 50700/101725  loss=4.7300  tokens=2.492B  elapsed=5353s
  step 50800/101725  loss=4.8494  tokens=2.497B  elapsed=5363s
  step 50900/101725  loss=4.7953  tokens=2.502B  elapsed=5377s
  step 51000/101725  loss=4.7656  tokens=2.507B  elapsed=5387s
  step 51100/101725  loss=4.6190  tokens=2.512B  elapsed=5399s
  step 51200/101725  loss=4.7263  tokens=2.517B  elapsed=5411s
  step 51300/101725  loss=4.7617  tokens=2.521B  elapsed=5420s
  step 51400/101725  loss=4.8240  tokens=2.526B  elapsed=5432s
  step 51500/101725  loss=4.6902  tokens=2.531B  elapsed=5441s
  step 51600/101725  loss=4.7754  tokens=2.536B  elapsed=5452s
  step 51700/101725  loss=4.7888  tokens=2.541B  elapsed=5463s
  step 51800/101725  loss=4.8840  tokens=2.546B  elapsed=5474s
  step 51900/101725  loss=4.8812  tokens=2.551B  elapsed=5485s
  step 52000/101725  loss=4.8620  tokens=2.556B  elapsed=5499s
  step 52100/101725  loss=4.6770  tokens=2.561B  elapsed=5513s
  step 52200/101725  loss=4.4638  tokens=2.566B  elapsed=5526s
  step 52300/101725  loss=4.6604  tokens=2.571B  elapsed=5541s
  step 52400/101725  loss=4.7164  tokens=2.576B  elapsed=5553s
  step 52500/101725  loss=4.8052  tokens=2.580B  elapsed=5565s

  [step 52500, 2.58B tokens] induction_score=0.5525 1st=9.7079 2nd=9.1554 toy_acc=0.001882 (0.1882%)
  step 52600/101725  loss=4.8498  tokens=2.585B  elapsed=5579s
  step 52700/101725  loss=4.6148  tokens=2.590B  elapsed=5592s
  step 52800/101725  loss=4.8344  tokens=2.595B  elapsed=5605s
  step 52900/101725  loss=4.7826  tokens=2.600B  elapsed=5617s
  step 53000/101725  loss=4.8180  tokens=2.605B  elapsed=5631s
  step 53100/101725  loss=4.6795  tokens=2.610B  elapsed=5643s
  step 53200/101725  loss=4.8221  tokens=2.615B  elapsed=5655s
  step 53300/101725  loss=4.8449  tokens=2.620B  elapsed=5666s
  step 53400/101725  loss=4.8512  tokens=2.625B  elapsed=5679s
  step 53500/101725  loss=4.7885  tokens=2.630B  elapsed=5693s
  step 53600/101725  loss=4.7555  tokens=2.635B  elapsed=5705s
  step 53700/101725  loss=4.7489  tokens=2.639B  elapsed=5717s
  step 53800/101725  loss=4.7741  tokens=2.644B  elapsed=5730s
  step 53900/101725  loss=4.8918  tokens=2.649B  elapsed=5742s
  step 54000/101725  loss=4.7056  tokens=2.654B  elapsed=5753s
  step 54100/101725  loss=4.8762  tokens=2.659B  elapsed=5765s
  step 54200/101725  loss=4.7739  tokens=2.664B  elapsed=5777s
  step 54300/101725  loss=4.8602  tokens=2.669B  elapsed=5790s
  step 54400/101725  loss=4.7733  tokens=2.674B  elapsed=5801s
  step 54500/101725  loss=4.8359  tokens=2.679B  elapsed=5815s
  step 54600/101725  loss=4.7389  tokens=2.684B  elapsed=5828s
  step 54700/101725  loss=4.8297  tokens=2.689B  elapsed=5838s
  step 54800/101725  loss=4.8066  tokens=2.694B  elapsed=5850s
  step 54900/101725  loss=4.8323  tokens=2.698B  elapsed=5863s
  step 55000/101725  loss=4.8166  tokens=2.703B  elapsed=5874s

  [step 55000, 2.70B tokens] induction_score=0.6186 1st=9.8050 2nd=9.1864 toy_acc=0.001725 (0.1725%)
  step 55100/101725  loss=5.1701  tokens=2.708B  elapsed=5886s
  step 55200/101725  loss=4.6526  tokens=2.713B  elapsed=5899s
  step 55300/101725  loss=4.7166  tokens=2.718B  elapsed=5912s
  step 55400/101725  loss=4.6903  tokens=2.723B  elapsed=5924s
  step 55500/101725  loss=4.7746  tokens=2.728B  elapsed=5934s
  step 55600/101725  loss=4.8335  tokens=2.733B  elapsed=5947s
  step 55700/101725  loss=4.7837  tokens=2.738B  elapsed=5958s
  step 55800/101725  loss=4.8113  tokens=2.743B  elapsed=5971s
  step 55900/101725  loss=4.8157  tokens=2.748B  elapsed=5983s
  step 56000/101725  loss=4.7138  tokens=2.753B  elapsed=5998s
  step 56100/101725  loss=4.7514  tokens=2.757B  elapsed=6009s
  step 56200/101725  loss=4.8178  tokens=2.762B  elapsed=6021s
  step 56300/101725  loss=4.8292  tokens=2.767B  elapsed=6034s
  step 56400/101725  loss=4.7901  tokens=2.772B  elapsed=6046s
  step 56500/101725  loss=4.7816  tokens=2.777B  elapsed=6059s
  step 56600/101725  loss=4.9041  tokens=2.782B  elapsed=6072s
  step 56700/101725  loss=4.8105  tokens=2.787B  elapsed=6084s
  step 56800/101725  loss=4.8996  tokens=2.792B  elapsed=6095s
  step 56900/101725  loss=4.7588  tokens=2.797B  elapsed=6106s
  step 57000/101725  loss=4.7593  tokens=2.802B  elapsed=6118s
  step 57100/101725  loss=4.8429  tokens=2.807B  elapsed=6130s
  step 57200/101725  loss=4.7724  tokens=2.811B  elapsed=6142s
  step 57300/101725  loss=4.7380  tokens=2.816B  elapsed=6154s
  step 57400/101725  loss=4.6935  tokens=2.821B  elapsed=6169s
  step 57500/101725  loss=4.6982  tokens=2.826B  elapsed=6182s

  [step 57500, 2.83B tokens] induction_score=0.6687 1st=9.7729 2nd=9.1042 toy_acc=0.002000 (0.2000%)
  step 57600/101725  loss=4.6640  tokens=2.831B  elapsed=6195s
  step 57700/101725  loss=4.7663  tokens=2.836B  elapsed=6207s
  step 57800/101725  loss=4.8173  tokens=2.841B  elapsed=6222s
  step 57900/101725  loss=4.8519  tokens=2.846B  elapsed=6235s
  step 58000/101725  loss=4.8579  tokens=2.851B  elapsed=6249s
  step 58100/101725  loss=5.0115  tokens=2.856B  elapsed=6262s
  step 58200/101725  loss=4.7035  tokens=2.861B  elapsed=6274s
  step 58300/101725  loss=4.7912  tokens=2.866B  elapsed=6286s
  step 58400/101725  loss=4.8156  tokens=2.870B  elapsed=6294s
  step 58500/101725  loss=4.7925  tokens=2.875B  elapsed=6307s
  step 58600/101725  loss=4.6289  tokens=2.880B  elapsed=6320s
  step 58700/101725  loss=4.8310  tokens=2.885B  elapsed=6331s
  step 58800/101725  loss=4.8004  tokens=2.890B  elapsed=6343s
  step 58900/101725  loss=4.8798  tokens=2.895B  elapsed=6355s
  step 59000/101725  loss=4.6737  tokens=2.900B  elapsed=6367s
  step 59100/101725  loss=4.7238  tokens=2.905B  elapsed=6379s
  step 59200/101725  loss=4.6584  tokens=2.910B  elapsed=6392s
  step 59300/101725  loss=4.7141  tokens=2.915B  elapsed=6403s
  step 59400/101725  loss=4.8200  tokens=2.920B  elapsed=6415s
  step 59500/101725  loss=4.7387  tokens=2.925B  elapsed=6426s
  step 59600/101725  loss=4.7539  tokens=2.929B  elapsed=6438s
  step 59700/101725  loss=4.7092  tokens=2.934B  elapsed=6450s
  step 59800/101725  loss=4.8880  tokens=2.939B  elapsed=6462s
  step 59900/101725  loss=4.7377  tokens=2.944B  elapsed=6476s
  step 60000/101725  loss=4.7079  tokens=2.949B  elapsed=6489s

  [step 60000, 2.95B tokens] induction_score=0.7141 1st=9.7734 2nd=9.0593 toy_acc=0.001843 (0.1843%)
