=== Hoogland et al. Replication (self-contained) ===
2L attn-only, d=256, 8 heads, softmax, no QK norm
Data: DSIR-filtered Pile (streaming), GPT-2 tokenizer, vocab=5000
Batch: 64, n_ctx: 1024, tokens/step: 65,536
Max steps: 76,293 (5.0B tokens)
Pile val cache exists at /workspace/tensor-mars/workspaces/logan/cached_tokens/dsir_pile_val.pt
Model parameters: 3,086,848 (compiled)
Induction test: 100 seqs, half_len=512, vocab=5000
Token indices sequence length is longer than the specified maximum sequence length for this model (1287 > 1024). Running this sequence through the model will result in indexing errors
  step 100/76293  loss=8.3716  tokens=0.007B  elapsed=32s
  step 200/76293  loss=7.1707  tokens=0.013B  elapsed=46s
  step 300/76293  loss=6.7573  tokens=0.020B  elapsed=60s
  step 400/76293  loss=6.3881  tokens=0.026B  elapsed=76s
  step 500/76293  loss=6.2070  tokens=0.033B  elapsed=90s
  step 600/76293  loss=6.2766  tokens=0.039B  elapsed=105s
  step 700/76293  loss=6.0630  tokens=0.046B  elapsed=119s
  step 800/76293  loss=6.0288  tokens=0.052B  elapsed=134s
  step 900/76293  loss=5.9976  tokens=0.059B  elapsed=149s
  step 1000/76293  loss=5.9154  tokens=0.066B  elapsed=163s
  step 1100/76293  loss=5.8419  tokens=0.072B  elapsed=178s
  step 1200/76293  loss=5.9190  tokens=0.079B  elapsed=191s
  step 1300/76293  loss=5.9035  tokens=0.085B  elapsed=204s
  step 1400/76293  loss=5.8019  tokens=0.092B  elapsed=219s
  step 1500/76293  loss=5.8700  tokens=0.098B  elapsed=233s
  step 1600/76293  loss=5.8313  tokens=0.105B  elapsed=247s
  step 1700/76293  loss=5.8468  tokens=0.111B  elapsed=261s
  step 1800/76293  loss=5.7685  tokens=0.118B  elapsed=275s
  step 1900/76293  loss=5.7783  tokens=0.125B  elapsed=291s
  step 2000/76293  loss=5.5688  tokens=0.131B  elapsed=307s
  step 2100/76293  loss=5.8941  tokens=0.138B  elapsed=321s
  step 2200/76293  loss=5.6478  tokens=0.144B  elapsed=336s
  step 2300/76293  loss=5.6862  tokens=0.151B  elapsed=348s
  step 2400/76293  loss=5.6648  tokens=0.157B  elapsed=363s
  step 2500/76293  loss=5.7205  tokens=0.164B  elapsed=378s
/workspace/tensor-mars/.venv/lib/python3.13/site-packages/torch/_inductor/compile_fx.py:321: UserWarning: TensorFloat32 tensor cores for float32 matrix multiplication available but not enabled. Consider setting `torch.set_float32_matmul_precision('high')` for better performance.
  warnings.warn(

  [step 2500, 0.16B tokens] induction_score=0.0123 1st=9.6506 2nd=9.6383 toy_acc=0.000215 (0.0215%)
  step 2600/76293  loss=5.5796  tokens=0.170B  elapsed=395s
  step 2700/76293  loss=5.6601  tokens=0.177B  elapsed=411s
  step 2800/76293  loss=5.5781  tokens=0.184B  elapsed=426s
  step 2900/76293  loss=5.6198  tokens=0.190B  elapsed=439s
  step 3000/76293  loss=5.5296  tokens=0.197B  elapsed=454s
  step 3100/76293  loss=5.5243  tokens=0.203B  elapsed=471s
  step 3200/76293  loss=5.5347  tokens=0.210B  elapsed=484s
  step 3300/76293  loss=5.5174  tokens=0.216B  elapsed=496s
  step 3400/76293  loss=5.4887  tokens=0.223B  elapsed=508s
  step 3500/76293  loss=5.4131  tokens=0.229B  elapsed=521s
  step 3600/76293  loss=5.4729  tokens=0.236B  elapsed=535s
  step 3700/76293  loss=5.3806  tokens=0.242B  elapsed=548s
  step 3800/76293  loss=5.4222  tokens=0.249B  elapsed=561s
  step 3900/76293  loss=5.4384  tokens=0.256B  elapsed=574s
  step 4000/76293  loss=5.4655  tokens=0.262B  elapsed=588s
  step 4100/76293  loss=5.4149  tokens=0.269B  elapsed=602s
  step 4200/76293  loss=5.4190  tokens=0.275B  elapsed=615s
  step 4300/76293  loss=5.4156  tokens=0.282B  elapsed=627s
  step 4400/76293  loss=5.4263  tokens=0.288B  elapsed=639s
  step 4500/76293  loss=5.4712  tokens=0.295B  elapsed=651s
  step 4600/76293  loss=5.4889  tokens=0.301B  elapsed=665s
  step 4700/76293  loss=5.3747  tokens=0.308B  elapsed=678s
  step 4800/76293  loss=5.4123  tokens=0.315B  elapsed=691s
  step 4900/76293  loss=5.3908  tokens=0.321B  elapsed=705s
  step 5000/76293  loss=5.4038  tokens=0.328B  elapsed=717s

  [step 5000, 0.33B tokens] induction_score=0.0061 1st=9.7649 2nd=9.7588 toy_acc=0.000176 (0.0176%)
  step 5100/76293  loss=5.3273  tokens=0.334B  elapsed=729s
  step 5200/76293  loss=5.4000  tokens=0.341B  elapsed=742s
  step 5300/76293  loss=5.3385  tokens=0.347B  elapsed=756s
  step 5400/76293  loss=5.3893  tokens=0.354B  elapsed=769s
  step 5500/76293  loss=5.3755  tokens=0.360B  elapsed=781s
  step 5600/76293  loss=5.2336  tokens=0.367B  elapsed=794s
  step 5700/76293  loss=5.3706  tokens=0.374B  elapsed=807s
  step 5800/76293  loss=5.3336  tokens=0.380B  elapsed=820s
  step 5900/76293  loss=5.4343  tokens=0.387B  elapsed=833s
  step 6000/76293  loss=5.7190  tokens=0.393B  elapsed=847s
  step 6100/76293  loss=5.3721  tokens=0.400B  elapsed=858s
  step 6200/76293  loss=5.3392  tokens=0.406B  elapsed=872s
  step 6300/76293  loss=5.3640  tokens=0.413B  elapsed=885s
  step 6400/76293  loss=5.3584  tokens=0.419B  elapsed=899s
  step 6500/76293  loss=5.2568  tokens=0.426B  elapsed=912s
  step 6600/76293  loss=5.2651  tokens=0.433B  elapsed=924s
  step 6700/76293  loss=5.3740  tokens=0.439B  elapsed=937s
  step 6800/76293  loss=5.3498  tokens=0.446B  elapsed=950s
  step 6900/76293  loss=5.5461  tokens=0.452B  elapsed=963s
  step 7000/76293  loss=5.4759  tokens=0.459B  elapsed=977s
  step 7100/76293  loss=5.4129  tokens=0.465B  elapsed=991s
  step 7200/76293  loss=5.3403  tokens=0.472B  elapsed=1004s
  step 7300/76293  loss=5.4578  tokens=0.478B  elapsed=1017s
  step 7400/76293  loss=5.2980  tokens=0.485B  elapsed=1031s
  step 7500/76293  loss=5.2799  tokens=0.492B  elapsed=1045s

  [step 7500, 0.49B tokens] induction_score=-0.0005 1st=9.9631 2nd=9.9635 toy_acc=0.000176 (0.0176%)
  step 7600/76293  loss=5.3840  tokens=0.498B  elapsed=1059s
  step 7700/76293  loss=5.3134  tokens=0.505B  elapsed=1071s
  step 7800/76293  loss=5.3062  tokens=0.511B  elapsed=1083s
  step 7900/76293  loss=5.4261  tokens=0.518B  elapsed=1097s
  step 8000/76293  loss=5.3193  tokens=0.524B  elapsed=1110s
  step 8100/76293  loss=5.3564  tokens=0.531B  elapsed=1121s
  step 8200/76293  loss=5.3482  tokens=0.537B  elapsed=1135s
  step 8300/76293  loss=5.3877  tokens=0.544B  elapsed=1149s
  step 8400/76293  loss=5.3204  tokens=0.551B  elapsed=1160s
  step 8500/76293  loss=5.4752  tokens=0.557B  elapsed=1172s
  step 8600/76293  loss=5.3287  tokens=0.564B  elapsed=1186s
  step 8700/76293  loss=5.3234  tokens=0.570B  elapsed=1198s
  step 8800/76293  loss=5.2739  tokens=0.577B  elapsed=1211s
  step 8900/76293  loss=5.3225  tokens=0.583B  elapsed=1223s
  step 9000/76293  loss=5.4272  tokens=0.590B  elapsed=1236s
  step 9100/76293  loss=5.3187  tokens=0.596B  elapsed=1248s
  step 9200/76293  loss=5.3394  tokens=0.603B  elapsed=1261s
  step 9300/76293  loss=5.2311  tokens=0.609B  elapsed=1273s
  step 9400/76293  loss=5.2372  tokens=0.616B  elapsed=1286s
  step 9500/76293  loss=5.2483  tokens=0.623B  elapsed=1300s
  step 9600/76293  loss=5.3378  tokens=0.629B  elapsed=1312s
  step 9700/76293  loss=5.2142  tokens=0.636B  elapsed=1324s
  step 9800/76293  loss=5.2832  tokens=0.642B  elapsed=1336s
  step 9900/76293  loss=5.2863  tokens=0.649B  elapsed=1350s
  step 10000/76293  loss=5.3019  tokens=0.655B  elapsed=1363s

  [step 10000, 0.66B tokens] induction_score=-0.0025 1st=9.9845 2nd=9.9870 toy_acc=0.000196 (0.0196%)
  step 10100/76293  loss=5.2424  tokens=0.662B  elapsed=1377s
  step 10200/76293  loss=5.3047  tokens=0.668B  elapsed=1390s
  step 10300/76293  loss=5.3518  tokens=0.675B  elapsed=1402s
  step 10400/76293  loss=5.3044  tokens=0.682B  elapsed=1414s
  step 10500/76293  loss=5.3481  tokens=0.688B  elapsed=1428s
  step 10600/76293  loss=5.3995  tokens=0.695B  elapsed=1441s
  step 10700/76293  loss=5.3204  tokens=0.701B  elapsed=1454s
  step 10800/76293  loss=5.3272  tokens=0.708B  elapsed=1464s
  step 10900/76293  loss=5.2805  tokens=0.714B  elapsed=1477s
  step 11000/76293  loss=5.2389  tokens=0.721B  elapsed=1489s
  step 11100/76293  loss=5.1905  tokens=0.727B  elapsed=1500s
  step 11200/76293  loss=5.2977  tokens=0.734B  elapsed=1512s
  step 11300/76293  loss=5.3371  tokens=0.741B  elapsed=1523s
  step 11400/76293  loss=5.3460  tokens=0.747B  elapsed=1535s
  step 11500/76293  loss=5.1882  tokens=0.754B  elapsed=1546s
  step 11600/76293  loss=5.2792  tokens=0.760B  elapsed=1557s
  step 11700/76293  loss=5.1931  tokens=0.767B  elapsed=1568s
  step 11800/76293  loss=5.2700  tokens=0.773B  elapsed=1579s
  step 11900/76293  loss=5.3271  tokens=0.780B  elapsed=1589s
  step 12000/76293  loss=5.2929  tokens=0.786B  elapsed=1602s
  step 12100/76293  loss=5.2777  tokens=0.793B  elapsed=1615s
  step 12200/76293  loss=5.3036  tokens=0.800B  elapsed=1629s
  step 12300/76293  loss=5.5575  tokens=0.806B  elapsed=1641s
  step 12400/76293  loss=5.2943  tokens=0.813B  elapsed=1654s
  step 12500/76293  loss=5.2567  tokens=0.819B  elapsed=1668s

  [step 12500, 0.82B tokens] induction_score=-0.0079 1st=10.0764 2nd=10.0842 toy_acc=0.000196 (0.0196%)
  step 12600/76293  loss=5.1585  tokens=0.826B  elapsed=1679s
  step 12700/76293  loss=5.2252  tokens=0.832B  elapsed=1691s
  step 12800/76293  loss=5.1939  tokens=0.839B  elapsed=1704s
  step 12900/76293  loss=5.1430  tokens=0.845B  elapsed=1717s
  step 13000/76293  loss=5.3344  tokens=0.852B  elapsed=1728s
  step 13100/76293  loss=5.2892  tokens=0.859B  elapsed=1739s
  step 13200/76293  loss=5.2531  tokens=0.865B  elapsed=1750s
  step 13300/76293  loss=5.3023  tokens=0.872B  elapsed=1763s
  step 13400/76293  loss=5.2501  tokens=0.878B  elapsed=1775s
  step 13500/76293  loss=5.2117  tokens=0.885B  elapsed=1787s
  step 13600/76293  loss=5.3254  tokens=0.891B  elapsed=1800s
  step 13700/76293  loss=5.2386  tokens=0.898B  elapsed=1812s
  step 13800/76293  loss=5.1795  tokens=0.904B  elapsed=1826s
  step 13900/76293  loss=5.2260  tokens=0.911B  elapsed=1840s
  step 14000/76293  loss=5.2229  tokens=0.918B  elapsed=1853s
  step 14100/76293  loss=5.2322  tokens=0.924B  elapsed=1866s
  step 14200/76293  loss=5.2420  tokens=0.931B  elapsed=1880s
  step 14300/76293  loss=5.2052  tokens=0.937B  elapsed=1892s
  step 14400/76293  loss=5.2560  tokens=0.944B  elapsed=1903s
  step 14500/76293  loss=5.3062  tokens=0.950B  elapsed=1916s
  step 14600/76293  loss=5.1933  tokens=0.957B  elapsed=1928s
  step 14700/76293  loss=5.1742  tokens=0.963B  elapsed=1940s
  step 14800/76293  loss=5.2857  tokens=0.970B  elapsed=1952s
  step 14900/76293  loss=5.2320  tokens=0.976B  elapsed=1964s
  step 15000/76293  loss=5.2142  tokens=0.983B  elapsed=1978s

  [step 15000, 0.98B tokens] induction_score=-0.0063 1st=9.9847 2nd=9.9910 toy_acc=0.000215 (0.0215%)
  step 15100/76293  loss=5.2569  tokens=0.990B  elapsed=1990s
  step 15200/76293  loss=5.2318  tokens=0.996B  elapsed=2002s
  step 15300/76293  loss=5.2812  tokens=1.003B  elapsed=2015s
  step 15400/76293  loss=5.2178  tokens=1.009B  elapsed=2029s
  step 15500/76293  loss=5.2640  tokens=1.016B  elapsed=2042s
  step 15600/76293  loss=5.2135  tokens=1.022B  elapsed=2056s
  step 15700/76293  loss=5.3307  tokens=1.029B  elapsed=2067s
  step 15800/76293  loss=5.1611  tokens=1.035B  elapsed=2080s
  step 15900/76293  loss=5.2397  tokens=1.042B  elapsed=2093s
  step 16000/76293  loss=5.2992  tokens=1.049B  elapsed=2106s
  step 16100/76293  loss=5.1847  tokens=1.055B  elapsed=2120s
  step 16200/76293  loss=5.2630  tokens=1.062B  elapsed=2133s
  step 16300/76293  loss=5.2602  tokens=1.068B  elapsed=2144s
  step 16400/76293  loss=5.1528  tokens=1.075B  elapsed=2157s
  step 16500/76293  loss=5.2442  tokens=1.081B  elapsed=2168s
  step 16600/76293  loss=5.2036  tokens=1.088B  elapsed=2182s
  step 16700/76293  loss=5.2708  tokens=1.094B  elapsed=2195s
  step 16800/76293  loss=5.2319  tokens=1.101B  elapsed=2210s
  step 16900/76293  loss=5.2744  tokens=1.108B  elapsed=2221s
  step 17000/76293  loss=5.2349  tokens=1.114B  elapsed=2235s
  step 17100/76293  loss=5.1866  tokens=1.121B  elapsed=2248s
  step 17200/76293  loss=5.1927  tokens=1.127B  elapsed=2260s
  step 17300/76293  loss=5.2133  tokens=1.134B  elapsed=2275s
  step 17400/76293  loss=5.1248  tokens=1.140B  elapsed=2288s
  step 17500/76293  loss=5.1542  tokens=1.147B  elapsed=2302s

  [step 17500, 1.15B tokens] induction_score=-0.0080 1st=10.0030 2nd=10.0110 toy_acc=0.000176 (0.0176%)
  step 17600/76293  loss=5.1412  tokens=1.153B  elapsed=2315s
  step 17700/76293  loss=5.2907  tokens=1.160B  elapsed=2328s
  step 17800/76293  loss=5.2039  tokens=1.167B  elapsed=2342s
  step 17900/76293  loss=5.2628  tokens=1.173B  elapsed=2356s
  step 18000/76293  loss=5.2364  tokens=1.180B  elapsed=2369s
  step 18100/76293  loss=5.2487  tokens=1.186B  elapsed=2383s
  step 18200/76293  loss=5.2283  tokens=1.193B  elapsed=2396s
  step 18300/76293  loss=5.2069  tokens=1.199B  elapsed=2408s
  step 18400/76293  loss=5.1935  tokens=1.206B  elapsed=2422s
  step 18500/76293  loss=5.2272  tokens=1.212B  elapsed=2436s
  step 18600/76293  loss=5.2102  tokens=1.219B  elapsed=2449s
  step 18700/76293  loss=5.3590  tokens=1.226B  elapsed=2461s
  step 18800/76293  loss=5.2774  tokens=1.232B  elapsed=2474s
  step 18900/76293  loss=5.1866  tokens=1.239B  elapsed=2487s
  step 19000/76293  loss=5.2474  tokens=1.245B  elapsed=2501s
  step 19100/76293  loss=5.1989  tokens=1.252B  elapsed=2513s
  step 19200/76293  loss=5.2332  tokens=1.258B  elapsed=2526s
  step 19300/76293  loss=5.2361  tokens=1.265B  elapsed=2537s
  step 19400/76293  loss=5.1083  tokens=1.271B  elapsed=2550s
  step 19500/76293  loss=5.2272  tokens=1.278B  elapsed=2563s
  step 19600/76293  loss=5.1332  tokens=1.285B  elapsed=2576s
  step 19700/76293  loss=5.2096  tokens=1.291B  elapsed=2591s
  step 19800/76293  loss=5.2199  tokens=1.298B  elapsed=2605s
  step 19900/76293  loss=5.1986  tokens=1.304B  elapsed=2619s
  step 20000/76293  loss=5.1279  tokens=1.311B  elapsed=2632s

  [step 20000, 1.31B tokens] induction_score=-0.0107 1st=10.1177 2nd=10.1284 toy_acc=0.000196 (0.0196%)
  step 20100/76293  loss=5.1891  tokens=1.317B  elapsed=2645s
  step 20200/76293  loss=5.1830  tokens=1.324B  elapsed=2658s
  step 20300/76293  loss=5.2282  tokens=1.330B  elapsed=2671s
  step 20400/76293  loss=5.1711  tokens=1.337B  elapsed=2683s
  step 20500/76293  loss=5.0555  tokens=1.343B  elapsed=2696s
  step 20600/76293  loss=5.2361  tokens=1.350B  elapsed=2709s
  step 20700/76293  loss=5.2733  tokens=1.357B  elapsed=2722s
  step 20800/76293  loss=5.1294  tokens=1.363B  elapsed=2735s
Got disconnected from remote data host. Retrying in 5sec [1/20]
  step 20900/76293  loss=5.1916  tokens=1.370B  elapsed=2756s
  step 21000/76293  loss=5.2381  tokens=1.376B  elapsed=2772s
  step 21100/76293  loss=5.1644  tokens=1.383B  elapsed=2787s
  step 21200/76293  loss=5.2696  tokens=1.389B  elapsed=2802s
  step 21300/76293  loss=5.2109  tokens=1.396B  elapsed=2818s
  step 21400/76293  loss=5.1709  tokens=1.402B  elapsed=2835s
  step 21500/76293  loss=5.4472  tokens=1.409B  elapsed=2851s
  step 21600/76293  loss=5.1119  tokens=1.416B  elapsed=2868s
  step 21700/76293  loss=5.2808  tokens=1.422B  elapsed=2882s
  step 21800/76293  loss=5.1921  tokens=1.429B  elapsed=2897s
  step 21900/76293  loss=5.1647  tokens=1.435B  elapsed=2912s
  step 22000/76293  loss=5.1533  tokens=1.442B  elapsed=2927s
  step 22100/76293  loss=5.1295  tokens=1.448B  elapsed=2942s
  step 22200/76293  loss=5.4015  tokens=1.455B  elapsed=2957s
  step 22300/76293  loss=5.1445  tokens=1.461B  elapsed=2972s
  step 22400/76293  loss=5.1221  tokens=1.468B  elapsed=2985s
  step 22500/76293  loss=5.2239  tokens=1.475B  elapsed=2999s

  [step 22500, 1.47B tokens] induction_score=-0.0095 1st=10.1187 2nd=10.1282 toy_acc=0.000274 (0.0274%)
  step 22600/76293  loss=5.1104  tokens=1.481B  elapsed=3016s
  step 22700/76293  loss=5.2033  tokens=1.488B  elapsed=3031s
  step 22800/76293  loss=5.1734  tokens=1.494B  elapsed=3047s
  step 22900/76293  loss=5.1757  tokens=1.501B  elapsed=3063s
  step 23000/76293  loss=5.0338  tokens=1.507B  elapsed=3080s
  step 23100/76293  loss=5.0737  tokens=1.514B  elapsed=3095s
  step 23200/76293  loss=5.1734  tokens=1.520B  elapsed=3112s
  step 23300/76293  loss=5.2106  tokens=1.527B  elapsed=3125s
  step 23400/76293  loss=5.2133  tokens=1.534B  elapsed=3138s
  step 23500/76293  loss=5.1635  tokens=1.540B  elapsed=3153s
  step 23600/76293  loss=5.1874  tokens=1.547B  elapsed=3169s
  step 23700/76293  loss=5.2223  tokens=1.553B  elapsed=3182s
  step 23800/76293  loss=5.1673  tokens=1.560B  elapsed=3196s
  step 23900/76293  loss=5.1552  tokens=1.566B  elapsed=3213s
  step 24000/76293  loss=5.1214  tokens=1.573B  elapsed=3227s
  step 24100/76293  loss=5.1851  tokens=1.579B  elapsed=3242s
  step 24200/76293  loss=5.2890  tokens=1.586B  elapsed=3259s
  step 24300/76293  loss=5.1386  tokens=1.593B  elapsed=3274s
  step 24400/76293  loss=5.2503  tokens=1.599B  elapsed=3290s
  step 24500/76293  loss=5.2021  tokens=1.606B  elapsed=3305s
  step 24600/76293  loss=5.2997  tokens=1.612B  elapsed=3322s
  step 24700/76293  loss=5.3133  tokens=1.619B  elapsed=3337s
  step 24800/76293  loss=5.3798  tokens=1.625B  elapsed=3351s
  step 24900/76293  loss=5.1221  tokens=1.632B  elapsed=3364s
  step 25000/76293  loss=5.1416  tokens=1.638B  elapsed=3378s

  [step 25000, 1.64B tokens] induction_score=-0.0100 1st=10.1165 2nd=10.1265 toy_acc=0.000254 (0.0254%)
  step 25100/76293  loss=5.1916  tokens=1.645B  elapsed=3393s
  step 25200/76293  loss=5.2318  tokens=1.652B  elapsed=3408s
  step 25300/76293  loss=5.1642  tokens=1.658B  elapsed=3422s
  step 25400/76293  loss=5.1563  tokens=1.665B  elapsed=3438s
  step 25500/76293  loss=5.1049  tokens=1.671B  elapsed=3455s
  step 25600/76293  loss=5.1351  tokens=1.678B  elapsed=3467s
  step 25700/76293  loss=5.2545  tokens=1.684B  elapsed=3483s
  step 25800/76293  loss=5.2213  tokens=1.691B  elapsed=3497s
  step 25900/76293  loss=5.2207  tokens=1.697B  elapsed=3511s
  step 26000/76293  loss=5.1304  tokens=1.704B  elapsed=3527s
  step 26100/76293  loss=5.2369  tokens=1.710B  elapsed=3542s
  step 26200/76293  loss=5.1591  tokens=1.717B  elapsed=3555s
  step 26300/76293  loss=5.2293  tokens=1.724B  elapsed=3571s
  step 26400/76293  loss=5.1458  tokens=1.730B  elapsed=3588s
  step 26500/76293  loss=5.1748  tokens=1.737B  elapsed=3602s
  step 26600/76293  loss=5.1404  tokens=1.743B  elapsed=3616s
  step 26700/76293  loss=5.2034  tokens=1.750B  elapsed=3630s
  step 26800/76293  loss=5.1663  tokens=1.756B  elapsed=3646s
  step 26900/76293  loss=5.1885  tokens=1.763B  elapsed=3659s
  step 27000/76293  loss=5.1931  tokens=1.769B  elapsed=3673s
  step 27100/76293  loss=5.2793  tokens=1.776B  elapsed=3687s
  step 27200/76293  loss=5.1576  tokens=1.783B  elapsed=3702s
  step 27300/76293  loss=5.0921  tokens=1.789B  elapsed=3717s
  step 27400/76293  loss=5.2138  tokens=1.796B  elapsed=3733s
  step 27500/76293  loss=5.1993  tokens=1.802B  elapsed=3748s

  [step 27500, 1.80B tokens] induction_score=-0.0097 1st=10.1458 2nd=10.1555 toy_acc=0.000215 (0.0215%)
  step 27600/76293  loss=5.1566  tokens=1.809B  elapsed=3764s
  step 27700/76293  loss=5.1914  tokens=1.815B  elapsed=3778s
  step 27800/76293  loss=5.2435  tokens=1.822B  elapsed=3793s
  step 27900/76293  loss=5.2894  tokens=1.828B  elapsed=3809s
  step 28000/76293  loss=5.1528  tokens=1.835B  elapsed=3823s
  step 28100/76293  loss=5.1251  tokens=1.842B  elapsed=3839s
  step 28200/76293  loss=5.1433  tokens=1.848B  elapsed=3854s
  step 28300/76293  loss=5.1515  tokens=1.855B  elapsed=3869s
  step 28400/76293  loss=5.2048  tokens=1.861B  elapsed=3884s
  step 28500/76293  loss=5.1560  tokens=1.868B  elapsed=3901s
  step 28600/76293  loss=5.0629  tokens=1.874B  elapsed=3916s
  step 28700/76293  loss=5.0593  tokens=1.881B  elapsed=3931s
  step 28800/76293  loss=5.1405  tokens=1.887B  elapsed=3947s
  step 28900/76293  loss=5.1354  tokens=1.894B  elapsed=3960s
  step 29000/76293  loss=5.1431  tokens=1.901B  elapsed=3975s
  step 29100/76293  loss=5.1236  tokens=1.907B  elapsed=3988s
  step 29200/76293  loss=5.1646  tokens=1.914B  elapsed=4003s
  step 29300/76293  loss=5.1300  tokens=1.920B  elapsed=4017s
  step 29400/76293  loss=5.1828  tokens=1.927B  elapsed=4033s
  step 29500/76293  loss=5.2074  tokens=1.933B  elapsed=4046s
  step 29600/76293  loss=5.1066  tokens=1.940B  elapsed=4061s
  step 29700/76293  loss=5.2304  tokens=1.946B  elapsed=4077s
  step 29800/76293  loss=5.0137  tokens=1.953B  elapsed=4095s
  step 29900/76293  loss=5.1516  tokens=1.960B  elapsed=4112s
  step 30000/76293  loss=5.1581  tokens=1.966B  elapsed=4127s

  [step 30000, 1.97B tokens] induction_score=-0.0058 1st=10.0444 2nd=10.0501 toy_acc=0.000157 (0.0157%)
  step 30100/76293  loss=5.1455  tokens=1.973B  elapsed=4142s
  step 30200/76293  loss=5.2772  tokens=1.979B  elapsed=4159s
  step 30300/76293  loss=5.1286  tokens=1.986B  elapsed=4172s
  step 30400/76293  loss=5.1385  tokens=1.992B  elapsed=4186s
  step 30500/76293  loss=5.1316  tokens=1.999B  elapsed=4199s
  step 30600/76293  loss=5.1916  tokens=2.005B  elapsed=4213s
  step 30700/76293  loss=5.3995  tokens=2.012B  elapsed=4228s
  step 30800/76293  loss=5.1539  tokens=2.019B  elapsed=4242s
  step 30900/76293  loss=5.1931  tokens=2.025B  elapsed=4258s
  step 31000/76293  loss=5.2185  tokens=2.032B  elapsed=4273s
  step 31100/76293  loss=5.2139  tokens=2.038B  elapsed=4286s
  step 31200/76293  loss=5.0581  tokens=2.045B  elapsed=4301s
  step 31300/76293  loss=5.1984  tokens=2.051B  elapsed=4317s
  step 31400/76293  loss=5.1873  tokens=2.058B  elapsed=4329s
  step 31500/76293  loss=5.1918  tokens=2.064B  elapsed=4346s
  step 31600/76293  loss=5.1832  tokens=2.071B  elapsed=4361s
  step 31700/76293  loss=5.1552  tokens=2.077B  elapsed=4377s
  step 31800/76293  loss=5.1241  tokens=2.084B  elapsed=4392s
  step 31900/76293  loss=5.1922  tokens=2.091B  elapsed=4408s
  step 32000/76293  loss=5.1545  tokens=2.097B  elapsed=4421s
  step 32100/76293  loss=5.1907  tokens=2.104B  elapsed=4435s
  step 32200/76293  loss=5.1226  tokens=2.110B  elapsed=4450s
  step 32300/76293  loss=5.2240  tokens=2.117B  elapsed=4465s
  step 32400/76293  loss=5.1622  tokens=2.123B  elapsed=4482s
  step 32500/76293  loss=5.2462  tokens=2.130B  elapsed=4501s

  [step 32500, 2.13B tokens] induction_score=-0.0076 1st=10.1586 2nd=10.1663 toy_acc=0.000235 (0.0235%)
  step 32600/76293  loss=5.1929  tokens=2.136B  elapsed=4517s
  step 32700/76293  loss=5.1167  tokens=2.143B  elapsed=4534s
  step 32800/76293  loss=5.1466  tokens=2.150B  elapsed=4549s
  step 32900/76293  loss=5.0906  tokens=2.156B  elapsed=4564s
  step 33000/76293  loss=5.1569  tokens=2.163B  elapsed=4581s
  step 33100/76293  loss=5.1757  tokens=2.169B  elapsed=4597s
  step 33200/76293  loss=5.1812  tokens=2.176B  elapsed=4612s
  step 33300/76293  loss=5.1561  tokens=2.182B  elapsed=4629s
  step 33400/76293  loss=5.1049  tokens=2.189B  elapsed=4645s
  step 33500/76293  loss=5.2097  tokens=2.195B  elapsed=4660s
  step 33600/76293  loss=5.1370  tokens=2.202B  elapsed=4675s
  step 33700/76293  loss=5.0864  tokens=2.209B  elapsed=4690s
  step 33800/76293  loss=5.0996  tokens=2.215B  elapsed=4705s
  step 33900/76293  loss=5.1906  tokens=2.222B  elapsed=4724s
  step 34000/76293  loss=5.1963  tokens=2.228B  elapsed=4739s
  step 34100/76293  loss=5.1933  tokens=2.235B  elapsed=4754s
  step 34200/76293  loss=5.0335  tokens=2.241B  elapsed=4768s
  step 34300/76293  loss=5.1051  tokens=2.248B  elapsed=4783s
  step 34400/76293  loss=5.2403  tokens=2.254B  elapsed=4800s
  step 34500/76293  loss=5.0952  tokens=2.261B  elapsed=4813s
  step 34600/76293  loss=5.1889  tokens=2.268B  elapsed=4827s
  step 34700/76293  loss=5.2982  tokens=2.274B  elapsed=4842s
  step 34800/76293  loss=5.1468  tokens=2.281B  elapsed=4857s
  step 34900/76293  loss=5.1690  tokens=2.287B  elapsed=4872s
  step 35000/76293  loss=5.2055  tokens=2.294B  elapsed=4887s

  [step 35000, 2.29B tokens] induction_score=-0.0060 1st=10.1336 2nd=10.1395 toy_acc=0.000215 (0.0215%)
  step 35100/76293  loss=5.1330  tokens=2.300B  elapsed=4902s
  step 35200/76293  loss=5.1815  tokens=2.307B  elapsed=4918s
  step 35300/76293  loss=5.1015  tokens=2.313B  elapsed=4935s
  step 35400/76293  loss=5.1748  tokens=2.320B  elapsed=4948s
  step 35500/76293  loss=5.1084  tokens=2.327B  elapsed=4961s
  step 35600/76293  loss=5.2326  tokens=2.333B  elapsed=4977s
  step 35700/76293  loss=5.0764  tokens=2.340B  elapsed=4993s
  step 35800/76293  loss=5.1187  tokens=2.346B  elapsed=5006s
  step 35900/76293  loss=5.1135  tokens=2.353B  elapsed=5020s
  step 36000/76293  loss=5.1233  tokens=2.359B  elapsed=5035s
  step 36100/76293  loss=5.1819  tokens=2.366B  elapsed=5049s
  step 36200/76293  loss=5.3680  tokens=2.372B  elapsed=5062s
  step 36300/76293  loss=5.1342  tokens=2.379B  elapsed=5078s
  step 36400/76293  loss=5.2686  tokens=2.386B  elapsed=5093s
  step 36500/76293  loss=5.0043  tokens=2.392B  elapsed=5108s
  step 36600/76293  loss=5.0931  tokens=2.399B  elapsed=5123s
  step 36700/76293  loss=5.1616  tokens=2.405B  elapsed=5141s
  step 36800/76293  loss=5.1951  tokens=2.412B  elapsed=5156s
  step 36900/76293  loss=5.1478  tokens=2.418B  elapsed=5171s
  step 37000/76293  loss=5.1529  tokens=2.425B  elapsed=5184s
  step 37100/76293  loss=5.1036  tokens=2.431B  elapsed=5200s
  step 37200/76293  loss=5.1568  tokens=2.438B  elapsed=5215s
  step 37300/76293  loss=5.1129  tokens=2.444B  elapsed=5229s
  step 37400/76293  loss=5.1532  tokens=2.451B  elapsed=5245s
  step 37500/76293  loss=5.0846  tokens=2.458B  elapsed=5260s

  [step 37500, 2.46B tokens] induction_score=-0.0055 1st=10.1551 2nd=10.1606 toy_acc=0.000196 (0.0196%)
  step 37600/76293  loss=5.2682  tokens=2.464B  elapsed=5275s
